$ bd ready --pretty --limit 2
--- exit: 0
--- stdout
○ gd-bug P0 [bug] Crash on start
○ gd-alpha P1 Alpha task

--------------------------------------------------------------------------------
Ready: 2 issues with no active blockers

Status: ○ open  ◐ in_progress  ● blocked  ✓ closed  ❄ deferred
Priority: P0–P4 (label only; not a status icon)
Showing 2 of 5 ready issues. Use -n to show more.

--- stderr
